Jury #1
Best jury has value 4 for prosecution and value 6 for defence:
 2 3

Jury #2
Best jury has value 33 for prosecution and value 36 for defence:
 1 4 5

Jury #3
Best jury has value 53 for prosecution and value 50 for defence:
 2 3 4 5 7

Jury #4
Best jury has value 33 for prosecution and value 33 for defence:
 2 5 7 8

Jury #5
Best jury has value 3 for prosecution and value 4 for defence:
 2

Jury #6
Best jury has value 3 for prosecution and value 4 for defence:
 1

Jury #7
Best jury has value 4 for prosecution and value 3 for defence:
 1

Jury #8
Best jury has value 4 for prosecution and value 3 for defence:
 2

Jury #9
Best jury has value 111 for prosecution and value 111 for defence:
 4 10 11 12 16 17 18

Jury #10
Best jury has value 182 for prosecution and value 182 for defence:
 1 2 3 4 5 9 10 11 12 13 14 15 18

Jury #11
Best jury has value 92 for prosecution and value 105 for defence:
 1 2 3 4 5 6 7 8 9 10

Jury #12
Best jury has value 99 for prosecution and value 66 for defence:
 1 2 3 4 5 6 7 8 9

Jury #13
Best jury has value 94 for prosecution and value 93 for defence:
 1 2 3 4 6 8 9 10

Jury #14
Best jury has value 40 for prosecution and value 40 for defence:
 1 3 5 6 7

Jury #15
Best jury has value 11 for prosecution and value 9 for defence:
 1

Jury #16
Best jury has value 3 for prosecution and value 7 for defence:
 1

Jury #17
Best jury has value 5 for prosecution and value 5 for defence:
 1

Jury #18
Best jury has value 0 for prosecution and value 0 for defence:
 1

Jury #19
Best jury has value 20 for prosecution and value 0 for defence:
 1

Jury #20
Best jury has value 0 for prosecution and value 20 for defence:
 1

Jury #21
Best jury has value 20 for prosecution and value 20 for defence:
 1

Jury #22
Best jury has value 0 for prosecution and value 0 for defence:
 1 2 3 4 5 6 7 8 9 10 11 12 13 14 15 16 17 18 19 20

Jury #23
Best jury has value 400 for prosecution and value 0 for defence:
 1 2 3 4 5 6 7 8 9 10 11 12 13 14 15 16 17 18 19 20

