48
szf
kgscsnetma
zjqkupdkmq
tjqleiu
j
csbncfearnflhybeqp
jozowwlawwf
pa
vuyogn
xracopjukfibkuuaohxu
iusbim
bfitr
paiwipgx
qnvlkzjkcahyqegnyctr
ujummcjwgrlsl
nixtvkjdblf
ha
ptbqpvvy
kqburbidis
aycpejmdkdrwgvmghpd
sixjzeewk
kt
hlhp
hhwy
pzedmtzobfhnlrz
zuoohrwjdhmvbt
rigqwujna
yfbvt
byjoipsi
dnn
koftu
gehjuwonvnyulf
cihlsekbedneryj
yjekpzsatlrgu
ifsmzajfqppygwnd
jjr
kaddg
afuihebtkhgrlnjlmm
qqlyppwqbewfkxeuzvts
rxrfyqtih
msypcxbcdqonya
ajgkrpagttfkaefatljf
druoykxxh
fgomtekpxdfkdpllkwe
aqdtkjecorwskobubrrw
qbovowjdgwpdtdvn
mipyssa
lexllcofuly
