89 63
.......................................................hhhhhhhh
.......................................................hhhhhhhh
.......................................................hhhhhhhh
.......................................................hhhhhhhh
.......................................................hhhhhhhh
.......................................................hhhhhhhh
.....................................................ddd.......
.....................................................ddd.......
.....................................................ddd.......
.....................................................ddd.......
.....................................................ddd.......
.................................................mmmmmm........
.................................................mmmmmm........
.................................................mmmmmm........
..............................................wwwwwww..........
..............................................wwwwwww..........
..............................................wwwwwww..........
..............................................wwwwwww..........
..............................................wwwwwww..........
..............................................wwwwwww..........
..............................................wwwwwww..........
..........................................oooooooo.............
..........................................oooooooo.............
..........................................oooooooo.............
..........................................oooooooo.............
..........................................oooooooo.............
..........................................oooooooo.............
..........................................oooooooo.............
..........................................oooooooo.............
....................................ooooooo....................
................................uuuuu..........................
................................uuuuu..........................
.............................iiiiiiii..........................
.............................iiiiiiii..........................
.............................iiiiiiii..........................
.............................iiiiiiii..........................
.............................iiiiiiii..........................
.........................ggggggg...............................
........................hhhhhhh................................
........................hhhhhhh................................
........................hhhhhhh................................
...................cccccccc....................................
...................cccccccc....................................
...................cccccccc....................................
...................cccccccc....................................
...................cccccccc....................................
...................cccccccc....................................
...................cccccccc....................................
...................cccccccc....................................
.................rrr...........................................
.................rrr...........................................
.................rrr...........................................
.................rrr...........................................
.................rrr...........................................
.................rrr...........................................
.................rrr...........................................
.................zzzzz.........................................
.................zzzzz.........................................
.................zzzzz.........................................
.................zzzzz.........................................
................eee............................................
............hhhhhhhh...........................................
............hhhhhhhh...........................................
............hhhhhhhh...........................................
.......yyyyyyyy................................................
.......yyyyyyyy................................................
.......yyyyyyyy................................................
.......yyyyyyyy................................................
...zzzzzzzzzz..................................................
...zzzzzzzzzz..................................................
...zzzzzzzzzz..................................................
...zzzzzzzzzz..................................................
...zzzzzzzzzz..................................................
...zzzzzzzzzz..................................................
...zzzzzzzzzz..................................................
...zzzzzzzzzz..................................................
...zzzzzzzzzz..................................................
..cccc.........................................................
..cccc.........................................................
..cccc.........................................................
sssssss........................................................
sssssss........................................................
sssssss........................................................
sssssss........................................................
sssssss........................................................
sssssss........................................................
sssssss........................................................
sssssss........................................................
sssssss........................................................
