46 59
...................................................ssssssss
...................................................ssssssss
...................................................ssssssss
...................................................ssssssss
...................................................ssssssss
...................................................ssssssss
...................................................ssssssss
...................................................ssssssss
...................................................ssssssss
................................................ffff.......
................................................ffff.......
..............................................yyyy.........
..............................................mm...........
..............................................mm...........
..............................................mm...........
..............................................mm...........
..............................................mm...........
..............................................mm...........
..............................................mm...........
..............................................mm...........
..............................................mm...........
..........................zz..................mm...........
..........................zzfffffeeeeeeeeeeeeeeeeee........
..........................zz...............................
..........................zz...............................
..........................zz...............................
..........................zz...............................
..........................zz...............................
..........................zz...............................
..........................zz...............................
..........................aaaaaaaaa........................
..........................aaaaaaaaa........................
..........................aaaaaaaaa........................
..........................aaaaaaaaa........................
..........................aaaaaaaaa........................
...................cccccccaaaaaaaaa........................
...................cccccccaaaaaaaaa........................
...................ccccccc.................................
.................sss.......................................
....mmmmmmeeeeeeesss.......................................
....mmmmmm.................................................
....mmmmmm.................................................
....mmmmmm.................................................
....mmmmmm.................................................
....mmmmmm.................................................
hhhhmmmmmm.................................................
