702056563
702056563
2106169689
2105467544429
2106169600933
2106169600933
1616134156819
1302314891464
1412537765926
906355007135
678186631217
109520823672
1663873999931
599556298062
1967162412854
1834473732657
121455785192
1573308709246
1168222094439
702056563
702056563
702056563
2106169600933
2106169600933
2106169600933
1253170934531
417723651747
525138303969
506884833688
897228272141
2044388628544
557432905209
1058701275419
1625260891540
147431877912
1352160904821
389641389667
272397945165
702056563
702056563
1404113126
2104765487925
2106169600933
2106169600933
1773394816145
841765805568
275206171389
111626993352
778580716915
39315167517
583408997481
280822623831
1498188661636
570069923073
1234917464778
1262999725923
1661065773867
702056563
702056563
1404113126
2105467544429
2105467544429
2106169600933
1211749599315
296267868041
1266510008563
1597178630858
1937676039529
479504628238
1350054735246
1686339808416
1142948059323
537073265302
400874294499
504778664038
1187177620765
702056563
1404113126
1404113126
2105467544429
2106169600933
2106169600933
832639070548
1708103560381
902844724445
865635727905
537775321851
791217734659
937947551321
1270722347731
1775500985684
2038772176504
1972076808403
1806391472212
902142667907
702056563
702056563
2106169689
2105467544429
2106169600933
2106169689
702056563
2106169600933
1578223104872
788409508495
192363497678
2105467544429
2074577058253
825618505148
1404113126
2106169600933
968838038933
342603600624
1177348829342
702056563
1083975310617
860019275593
2106169600933
1146458341978
1310037513261
424042160715
406490746915
94075579330
936543438247
1765672194502
2106169689
700652440647
1404113126
2106169600933
1404113126
1858343654005
949180455913
2106169600933
702056563
2100553148901
1404113126
296267868041
1147160398509
1790946228948
752604624858
2106169600933
1571202539692
1211047542785
2106169600933
541987661145
702056563
193767610794
822108222448
2106169689
1796562681044
2106169600933
870550123678
68099486559
212021081302
1986819995050
1647726700063
157260669741
1637897908839
303990490146
142517481992
1609815648166
194469667352
579196658197
1180157055465
2106169600933
295565811486
473186119288
1778309211732
2106169600933
833341127088
702056563
743477889799
1404113126
1423770670301
35804884707
1449746761647
1754439290294
1404113126
1495380435552
1852727201925
702056563
1153478907288
527946530165
702056563
87757070281
1688445977961
702056563
379110541383
702056563
1990330277585
203596402606
1097314384744
446507970358
2106169600933
2105467544429
1404113126
1469404344263
1591562178714
1272828517315
1911699948717
2106169600933
256250644377
1965056243333
1404113126
1616134156819
1042553975137
2035963950482
702056563
702056563
702056563
2106169600933
2104765487925
43527506889
1250362708416
1198410525245
2106169600933
432466839338
882485084841
2106169600933
2026837215904
2106169600933
702056563
238699230468
677484574672
220445759986
2106169600933
1866768332125
1987522051557
1057999218885
467569666888
1755141346807
1467298174697
1689148034476
1543120278933
1559969635389
702056563
1404113126
139007199192
1405517200686
2106169600933
1516442131176
2106169600933
702056563
954094851672
702056563
733649098197
402980464155
1053084823147
2055621532624
2106169600933
386833163459
464761440684
2029645441928
966029812789
2106169600933
1111355515391
42123393765
2106169600933
1623154721989
807365035102
565155527237
1533291487656
2106169600933
702056563
640977634302
2106169600933
1265807952035
2106169600933
449316196562
1177348829342
2106169600933
702056563
854402823281
2041580402524
702056563
702056563
2106169600933
1173838546687
2028241328916
2106169600933
1258787386755
633255012296
1007451148397
2106169600933
2106169689
1736887877456
794025960823
702056563
1336715661254
1380945222346
1290379930505
130582520472
2104765487925
2106169600933
1361287639646
1729165255802
702056563
169897687803
1997350842652
2106169600933
518117738479
2104765487925
1082571197551
218339590315
103202314623
2106169689
1753035177268
1267914121619
2106169600933
1021492279097
2106169600933
702056563
928118759803
223956042771
23167866579
1640004078387
2106169600933
1225790729901
2105467544429
1142948059323
2065450323694
1469404344263
702056563
2075279114757
1352160904821
1897658818537
2106169600933
2106169600933
2105467544429
2106169600933
702056563
2105467544429
1422366557255
702056563
1308633400207
1586647783088
435275065542
1274934686899
702056563
2106169600933
2105467544429
2106169600933
1854131314945
1677213073721
1735483764428
2106169689
702056563
1343736226514
15445244386
2106169600933
2104765487925
367877636535
1561373748427
702056563
697844214471
1333907435150
2105467544429
1914508174753
2106169600933
1096612328211
2105467544429
280822623831
257654757489
148835991032
897930328679
1288975817451
2027539272410
2106169600933
2071768832237
1556459352794
702056563
256250644377
2106169689
702056563
1055893049283
1834473732657
2105467544429
848084314428
2106169600933
1106441119667
1397794578922
1399900748494
1404113126
1540312052856
274504114833
1172434433625
286439076271
63887147187
702056563
1162605642191
2104765487925
2106169689
2106169600933
1404113126
702056563
2106169600933
2106169600933
557432905209
1179454998935
702056563
1948908943657
2105467544429
401576351051
177620309952
1649130813095
2033155724458
2105467544429
1083273254084
1658257547803
1893446479483
1682127469326
2106169600933
2106169600933
1936271926513
434573008991
1590860122196
2105467544429
281524680386
1265807952035
1331801265572
702056563
1920826683334
1449044705125
702056563
229572495227
1122588419903
702056563
1179454998935
2104765487925
1015875826817
1189985846885
2106169600933
296969924596
2106169600933
2106169600933
1969970638882
2105467544429
1786733889876
2106169600933
1713720012494
440189461399
80736504671
1597178630858
824916448608
2106169600933
426850386923
67397429997
1915912287771
355240618581
2047898911069
1530483261576
129178407352
1891340309956
1854833371455
1972778864910
702056563
1371818487521
1303719004518
1644918473999
377706428277
2105467544429
702056563
702056563
311713112248
1809199698260
1225790729901
2105467544429
2106169689
2044388628544
643083803940
2105467544429
2106169600933
1453257044257
1074146519155
543391774243
702056563
928118759803
1391476070206
242911569810
1404113126
1413941878974
567261696881
520925964675
2078789397277
1837984015212
1128204872159
1903977327118
2106169600933
1713720012494
2070364719229
702056563
1651236982643
756114907571
1854833371455
2106169600933
2104765487925
1713017955980
1934867813497
806662978561
2106169600933
999026469977
1712315899466
702056563
965327756253
1627367061091
759625190281
1230003069075
1840792241255
1748120781677
200086119816
1280551139123
377706428277
1404113126
265377379605
1093102045546
1404113126
1155585076881
2106169689
2106169689
2106169600933
866337784444
443699744154
1779011268244
2104765487925
1774096872658
2106169689
1444832365991
871954236756
736457324369
681696913942
2106169600933
702056563
702056563
350326222710
1691254204021
2105467544429
530052699812
702056563
636765295026
2106169600933
971646265077
1484849587737
1404113126
702056563
474590232388
2106169600933
1074146519155
619213881376
2106169600933
2105467544429
155154500064
434573008991
1985415882036
1280551139123
2106169600933
174110027157
1378136996246
1060105388487
1404113126
1316356022000
702056563
1364797922271
1404113126
369281749641
245719796037
742073776713
2105467544429
2106169600933
2106169600933
310308999140
1231407182133
1158393303005
1206835203605
702056563
1873086840715
1535397657216
421935991059
969540095469
1231407182133
702056563
980070943509
1840090184745
1930655474449
332072752314
702056563
264675323049
609385089720
1934165756989
2106169600933
1361989696171
1149266568102
2105467544429
2006477577230
2106169600933
65993316873
532860926008
1048170427409
1590860122196
1722144690662
702056563
702056563
1404113126
1955227452229
355942675134
2085809962317
702056563
2106169689
1510123622493
2105467544429
2106169600933
1376732883196
1647024643547
855806936359
1207537260135
702056563
426850386923
702056563
415617482091
1279147026067
2106169600933
702056563
702056563
75120052179
608683033173
810173261266
1404113126
116541389272
1797966794068
194469667352
702056563
447210026909
702056563
1121184306839
1466596118175
1274934686899
240805400139
2106169600933
2105467544429
1377434939721
126370181112
1921528739843
18253470638
349624166157
692227762117
1019386109492
1241938030068
1408325426782
1472914626873
984283282725
2106169600933
945670173228
2106169600933
924608477118
702056563
126370181112
1493976322510
1671596621601
2106169600933
63185090625
454230592419
2106169600933
954094851672
702056563
561645244497
60376864377
1406219257210
1725654973232
1904679383627
2105467544429
702056563
1908189666172
1654747265223
2049303024079
56866581567
2106169600933
2106169600933
616405655190
2091426414349
2105467544429
793323904282
537775321851
970944208541
2106169689
702056563
702056563
1798668850580
702056563
2106169600933
1423068613778
841765805568
1027108731377
2106169600933
2006477577230
702056563
702056563
1819730545926
1201218751365
1632983513227
420531877955
816491770128
297671981151
2007881690242
2106169600933
1330397152520
2106169600933
2105467544429
1099420554343
459144988276
481610797888
1404113126
88459126842
96181749013
2106169600933
1404113126
237997173911
2105467544429
1864662162595
205702572280
1411835709402
1517846244216
1073444462622
702056563
728734702396
1376030826671
702056563
97585862135
2106169600933
153750386946
2104765487925
702056563
1404113126
1001132639582
2105467544429
1686339808416
1661767830383
2105467544429
702056563
702056563
261867096825
2106169600933
1757949572859
940053720932
1281955252179
84948844037
223956042771
702056563
888101537147
93373522769
593939845686
1383051391918
1033427240192
1977693260459
702056563
1351458848296
388939333115
702056563
1404113126
1239831860481
499162211638
2105467544429
702056563
1124694589499
702056563
2106169600933
2106169600933
2104765487925
2106169600933
1790244172436
1741100216540
1541014109376
1116269911115
366473523429
41421337203
1404113126
2105467544429
90565296525
1404113126
702056563
760327246823
788409508495
1008855261467
876868632529
477398458588
702056563
160770952536
619915937922
702056563
1986117938543
2105467544429
2030347498434
1938378096037
765943699159
579898714745
951988682061
802450639315
1404113126
2081597623293
2104765487925
2106169689
702056563
126370181112
1939080152545
1414643935498
841063749028
84246787476
40719280641
2090022301341
1658257547803
2106169600933
1844302523805
2106169600933
51250129071
1585243670052
577090488553
702056563
702056563
273100001721
2105467544429
391747559323
143219538552
621320051014
2106169600933
2106169600933
702056563
2106169600933
582706940934
1404113126
844574031728
1750929007729
244315682924
1524866809416
66695373435
152346273828
2105467544429
1234917464778
182534705865
702056563
177620309952
2106169600933
1618240326370
523734190871
452124422766
2105467544429
702056563
2106169600933
59674807815
2105467544429
702056563
21061696890
1034831353262
702056563
293459641821
160068895977
2026837215904
1404113126
1103632893539
505480720588
457038818623
702056563
1340225943884
1998052899158
2106169600933
817895883208
2106169600933
1281955252179
1338821830832
1031321070587
702056563
444401800705
537073265302
459847044827
518117738479
2106169600933
1744610499110
702056563
702056563
1571904596210
1303016947991
471782006188
1068530066891
531456812910
1796562681044
126370181112
702056563
240805400139
702056563
1062913614623
53356298757
1087485593282
477398458588
2000159068676
919694081357
268185605829
79332391549
702056563
223253986214
128476350792
702056563
30188432209
749796398686
2106169600933
1571202539692
1753737233781
2104765487925
2105467544429
1946802774133
626234446836
2105467544429
1846408693335
259760927157
1967162412854
1953121282705
92671466208
702056563
8424678756
2106169600933
1358479413546
702056563
702056563
2076683227765
157260669741
702056563
1959439791277
1817624376393
2106169600933
1319164248104
936543438247
2105467544429
1397092522398
2089320244837
652912595584
6318509067
35804884707
754008737944
2106169600933
2106169600933
1331099209046
2095638753373
551114396277
1404113126
1929953417941
422638047611
1927847248417
1934165756989
419829821403
720310023879
721012080423
1605603309064
1404113126
869146010600
1828155224058
1824644941503
2106169600933
1404113126
2105467544429
702056563
916183798667
1110653458859
936543438247
735053211283
299778150816
702056563
515309512283
702056563
1540312052856
1377434939721
2106169600933
2105467544429
702056563
846680201348
702056563
964625699717
1490466039905
838957579408
1132417211351
207106685396
702056563
2105467544429
2106169600933
817193826668
2106169600933
1167520037908
1712315899466
702056563
710481232263
326456299882
2105467544429
1022896392167
847382257888
2105467544429
409298973123
195873780468
1708805616896
205000515722
2106169600933
2104765487925
1675106904176
1632983513227
925310533655
1640706134903
1144352172385
735053211283
617107711737
966731869325
702056563
2105467544429
1084677367150
2106169600933
2106169689
1470106400785
1962248017305
761731359907
1069232123424
1047468370875
1404113126
242911569810
266079436161
2105467544429
1207537260135
801046526233
2105467544429
910567346363
1498188661636
794025960823
2105467544429
702056563
855806936359
64589203749
951286625524
107414653989
1404113126
702056563
458442931725
449316196562
1326184813364
1282657308707
959711303965
129178407352
1598582743894
2089320244837
531456812910
2106169600933
1753737233781
2106169600933
1476424909483
568665809977
590429562951
2106169600933
1404113126
174110027157
210616968186
2106169600933
273802058277
1771288646606
233784834569
2105467544429
1354267074396
1042553975137
2104765487925
207808741954
2010689916266
2105467544429
688717479392
611491259361
1195602299125
282928793496
2105467544429
1142948059323
702056563
848084314428
2106169600933
1411835709402
702056563
551114396277
702056563
2106169600933
1765672194502
1538205883296
1404113126
1012365544142
1623856778506
1404113126
1378839052771
808769148184
713289458439
14743187823
2106169600933
2105467544429
2106169600933
212723137859
1411835709402
543391774243
2106169689
983581226189
268887662385
702056563
702056563
1925741078893
438785348297
2104765487925
1037639579399
70907712807
1402708974590
2106169600933
2106169600933
702056563
1449746761647
2106169600933
723820306595
1296698439248
1512931848576
1984713825529
266079436161
2093532583861
702056563
1380243165821
1404113126
702056563
878272745607
923204364044
2106169600933
724522363138
2002265238194
2105467544429
208510798512
261165040269
1065019784225
525840360518
1404113126
2062642097674
2106169689
1222280447256
187449101772
2106169600933
2105467544429
1910997892208
483716967538
702056563
727330589310
624830333744
683803083577
2106169600933
108818767111
908461176749
702056563
1090995875947
1575414878800
2105467544429
735755267826
292757585266
2106169600933
1727059086260
66695373435
2106169600933
1175242659749
1404113126
376302315171
702056563
2106169600933
2105467544429
1614027987268
1225088673372
1697572712656
702056563
947074286302
2106169600933
1671596621601
1792350341972
702056563
702056563
1402708974590
2106169689
1024300505237
900036498293
928118759803
1554353183237
940755777469
702056563
1241235973539
1404113126
542689717694
959009247429
1046064257807
1230705125604
1294592269667
2106169600933
235891004240
2106169600933
702056563
1404113126
1570500483174
1770586590093
1119078137243
702056563
702056563
2094936696869
1142948059323
2105467544429
702056563
815087657048
144623651672
283630850051
702056563
2106169600933
702056563
1477829022527
702056563
1097314384744
1764268081476
702056563
2106169600933
1514335961616
702056563
1456767326867
720310023879
702056563
1039745749001
702056563
278014397611
1404113126
1404113126
2106169600933
922502307507
1662469886899
765943699159
655018765222
1978395316966
1218770164611
1002536752652
702056563
702056563
1404113126
77226221865
897930328679
1821836715459
967433925861
532158869459
874762462912
2052813306604
110924936792
355942675134
490737533038
2106169600933
457038818623
1417452161594
747690229057
82140617793
345411826839
232380721455
2003669351206
1156287133412
2056323589129
2106169600933
2106169600933
478802571688
393151672427
1760757798911
1921528739843
204298459164
790515678118
2104765487925
388939333115
1795860624532
326456299882
2106169600933
2027539272410
1680723356296
2105467544429
1460979665999
1109249345795
1477829022527
2106169600933
674676348492
2105467544429
2105467544429
702056563
1094506158612
702056563
1741802273054
567963753429
658529047952
1528377092016
2106169600933
422638047611
1127502815627
1296698439248
702056563
2105467544429
702056563
1549438787604
1758651629372
126370181112
1768480420554
1404113126
2105467544429
1413941878974
1446938535559
1451150874691
180428536188
702056563
1570500483174
1396390465874
346815939945
1330397152520
1809901754772
702056563
2105467544429
1437109744238
728032645853
1147862455040
81438561232
702056563
1039745749001
942159890543
283630850051
108818767111
916183798667
750498455229
702056563
170599744362
313819281910
1617538269853
2106169600933
860721332132
1370414374471
702056563
662039330682
1404113126
2106169689
11934961571
1404113126
815789713588
1741100216540
964625699717
1962248017305
2106169600933
942159890543
1727761142774
702056563
2106169600933
1404113126
1941186322069
2105467544429
241507456696
1403411031114
790515678118
702056563
1300208721883
435977122093
2106169600933
882485084841
1293890213140
1350756791771
2106169600933
1523462696376
1841494297765
702056563
1465192005131
459847044827
702056563
2105467544429
1404113126
960413360501
72311825931
1287571704397
2106169600933
459847044827
642381747394
396661955187
974454491221
1191389959945
1334609491676
2106169600933
173407970598
1328993039468
2106169600933
103904371184
1404113126
702056563
936543438247
1244746256184
2106169600933
1528377092016
2105467544429
1122588419903
823512335528
702056563
553922622469
2106169689
153750386946
690823649027
2104765487925
1225088673372
1534695600696
502672494388
646594086670
311713112248
273802058277
1404113126
805960922020
2106169600933
2103361374917
1404113126
874762462912
702056563
702056563
1404113126
2106169689
591833676045
1965758299840
275908227945
2106169600933
2106169600933
1404113126
184640875540
584111054028
2106169600933
1583839557016
702056563
702056563
1960843904291
2104765487925
607980976626
1142948059323
702056563
1192794073005
1317058078526
1015875826817
239401287025
2005775520724
253442418153
2104765487925
2070364719229
1460277609477
279418510721
431062726235
2106169600933
1281955252179
881080971763
807365035102
1761459855424
2106169600933
629744729566
2075981171261
702056563
702056563
2104765487925
1326184813364
1835877845679
1886425914393
461251157929
2106169600933
1390774013682
2106169600933
2106169600933
2105467544429
702056563
389641389667
1427280952916
942159890543
1604901252547
1941186322069
702056563
84246787476
702056563
222551929657
702056563
1576116935318
702056563
1169626207501
1919422570316
2106169600933
2106169600933
4212339378
702056563
300480207371
2106169600933
2106169600933
7020565630
993410017693
2106169600933
400874294499
1336715661254
1435003574669
1624558835023
301182263926
2106169600933
702056563
1080465027952
2106169600933
1404113126
266079436161
702056563
2105467544429
1760757798911
2106169689
861423388671
195171723910
2106169600933
702056563
624128277198
1251064764945
702056563
2097744922885
1449044705125
2106169600933
1404113126
702056563
1976289147445
649402312854
1296698439248
1327588926416
702056563
1404113126
375600258618
1404113126
702056563
909163233287
406490746915
1906083496645
2106169600933
796834186987
1043256031671
2106169600933
461953214480
2106169600933
1915210231262
2042984515534
1237023634365
2106169600933
2106169600933
1892744422974
1856237484475
502672494388
1418856274640
387535220011
702056563
2106169600933
2106169600933
1238427747423
1932761643973
702056563
1338821830832
1356373243971
2106169600933
1650534926127
791217734659
2106169689
702056563
2106169600933
1221578390727
2106169600933
1944696604609
2106169600933
284332906606
1713720012494
1960843904291
2059131815149
1343736226514
589727506404
1404113126
167089461567
702056563
702056563
2105467544429
351730335816
2032453667952
1518548300736
2106169689
283630850051
350326222710
2106169600933
2106169600933
876166575990
1404113126
1390774013682
821406165908
739967607084
1029214900982
2105467544429
702056563
2105467544429
1960843904291
327860412990
1175944716280
1802179133140
1525568865936
1486253700779
424042160715
1651939039159
702056563
702056563
218339590315
1414643935498
273100001721
702056563
2106169689
970944208541
117243445832
658529047952
2104765487925
504778664038
626234446836
284332906606
1697572712656
1369010261421
2106169600933
2106169600933
1030619014052
1334609491676
702056563
556730848661
542689717694
1409729539830
1943292491593
1597880687376
1644216417483
1404113126
387535220011
2097042866381
2105467544429
1227896899488
425446273819
2106169600933
702056563
332072752314
1607007422098
2105467544429
838255522868
2104765487925
702056563
1177348829342
1790244172436
1027108731377
587621336763
1371116430996
2009285803254
2106169600933
702056563
246421852593
1965758299840
1922230796352
334178921976
417021595195
2106169689
702056563
702056563
1924336965877
1974182977924
2105467544429
702056563
1507315396409
348922109604
1524866809416
1404113126
702056563
2008583746748
575686375457
2106169600933
1493976322510
1954525395721
702056563
1713017955980
852998710203
1152074794226
959711303965
2105467544429
2105467544429
86352957159
702056563
1923634909369
2105467544429
2106169689
637467351572
309606942586
309606942586
235188947683
1247554482300
1089591762881
2106169600933
688717479392
421233934507
49846015947
702056563
1404113126
1397092522398
1404113126
381918767595
1486955757300
629042673020
420531877955
359452957899
702056563
1798668850580
2106169600933
657826991406
199384063258
170599744362
1783223607316
2106169600933
267483549273
1849918975885
2106169600933
1465894061653
1984011769022
1828857280569
82140617793
737861437455
2073875001749
2091426414349
702056563
1332503322098
2106169600933
637467351572
526542417067
311011055694
702056563
680292800852
2105467544429
1404113126
1715124125522
1350054735246
922502307507
2106169600933
2106169600933
975156547757
1634387626259
702056563
323648073666
171301800921
619915937922
957605134357
2105467544429
2106169600933
2106169600933
982879169653
2106169600933
1279849082595
1590158065678
2106169600933
359452957899
570771979621
1335311548202
914779685591
702056563
1046064257807
889505650223
121455785192
733649098197
2105467544429
777176603831
1234917464778
1956631565245
149538047592
1121886363371
863529558288
1797264737556
2106169600933
887399480609
2106169689
622022107560
621320051014
543391774243
2106169600933
61780977501
702056563
340497430962
2106169600933
920396137895
748392285600
2030347498434
1430791235531
2106169600933
1181561168525
2104765487925
1404113126
739265550541
920396137895
702056563
428254500027
1818326432904
461953214480
341199487516
819299996288
1644918473999
855104879820
1020790222562
1712315899466
1793052398484
1324780700312
280120567276
902142667907
1239129803952
702056563
244315682924
2106169600933
959009247429
1966460356347
1861853936555
702056563
1875193010245
981475056581
1790946228948
1359883526596
624830333744
1680021299781
1614730043785
2105467544429
702056563
513905399185
1614730043785
702056563
2106169600933
123561954872
475292288938
953392795135
451422366215
1006047035327
982879169653
1988926164571
936543438247
868443954061
1034129296727
824214392068
2058429758644
816491770128
2106169689
2106169600933
2106169600933
1469404344263
1404113126
464761440684
1859747767025
2106169600933
2106169600933
1280551139123
927416703266
1404113126
1601390969962
2106169600933
1404113126
2106169600933
451422366215
830532900928
199384063258
569367866525
1816220263371
1324078643786
1055893049283
791919791200
1520654470296
2106169600933
702056563
2106169600933
2104765487925
1404113126
2104765487925
683803083577
2106169689
702056563
1446236479037
389641389667
869146010600
2106169689
2106169600933
1569798426655
816491770128
702056563
2106169689
702056563
2106169600933
1960843904291
2106169600933
1804987359188
2106169600933
1289677873978
271695888609
1516442131176
702056563
570069923073
859317219054
940053720932
2105467544429
2105467544429
2105467544429
1539609996336
1473616683395
2106169600933
1404113126
713289458439
2106169600933
1404113126
2106169689
2105467544429
118647558952
1842898410785
497758098538
746988172514
1946100717625
702056563
2002265238194
702056563
1425876839870
1094506158612
2029645441928
1623154721989
702056563
928118759803
1403411031114
1404113126
695738044839
53356298757
702056563
1387965787586
807365035102
358750901346
702056563
771560151495
1727059086260
61780977501
2104765487925
151644217269
702056563
2005073464218
524436247420
2105467544429
702056563
702056563
856508992898
2009285803254
2105467544429
445805913807
2106169600933
420531877955
97585862135
702056563
1391476070206
2105467544429
438083291746
702056563
1252468878003
553220565921
1404113126
1433599461623
1404113126
960413360501
2106169600933
21061696890
702056563
2104765487925
702056563
2106169600933
2106169600933
1885021801375
117945502392
2104765487925
1143650115854
1774096872658
976560660829
869146010600
1404113126
702056563
341901544070
2055621532624
365069410323
338391261300
1995946729640
426148330371
1482743418174
665549613407
2106169600933
2106169600933
307500772921
1218770164611
118647558952
731542928568
1239831860481
712587401895
2106169600933
940755777469
1135225437479
1486955757300
7722622193
721012080423
1189985846885
1545928505009
2105467544429
702056563
2106169600933
702056563
182534705865
1987522051557
2106169600933
1941888378577
2106169600933
816491770128
139709255752
706268892999
2105467544429
473186119288
2081597623293
1809901754772
1572606652728
1946100717625
702056563
702056563
2105467544429
702056563
702056563
525840360518
2106169689
1960843904291
1696168599626
122157841752
978666830437
1394284296302
2106169689
947074286302
736457324369
498460155088
1175242659749
1373222600571
2013498142290
2106169600933
1404113126
1509421565972
1941186322069
1393582239778
1933463700481
2106169600933
266079436161
58972751253
1845706636825
1870278614675
702056563
702056563
2105467544429
1248256538829
1255979160643
1404113126
834043183628
1812007924305
2106169600933
702056563
1404113126
1512931848576
601662467703
2105467544429
902142667907
2104765487925
702056563
1847110749845
2106169600933
702056563
702056563
747690229057
437381235195
1816220263371
1112759628455
970242152005
702056563
202192289490
994814130765
681696913942
1869576558165
2105467544429
2106169600933
702056563
117243445832
1410431596354
1404113126
1262297669395
459144988276
1876597123265
2106169600933
1196304355655
2106169600933
409298973123
1889936196938
2104765487925
2105467544429
174110027157
702056563
2106169600933
926714646729
2106169600933
1284763478289
1641408191419
702056563
703460666823
365771466876
2104765487925
3510282815
486525193738
1581031330944
702056563
210616968186
1960141847784
119349615512
712587401895
2106169600933
532158869459
2106169600933
1404113126
1629473230642
1832367563124
101096144940
155856556623
1865364219105
1547332618047
702056563
2106169600933
1402006918066
620617994468
2026135159398
388939333115
652912595584
1910997892208
702056563
775070434205
702056563
1644216417483
966029812789
751902568315
702056563
924608477118
469675836538
2105467544429
52654242195
1174540603218
2012094029278
1860449823535
2105467544429
1404113126
702056563
702056563
1574010765764
2106169600933
1314951908948
1121184306839
1416750105070
1341630056936
1446236479037
577090488553
2001563181688
702056563
1925741078893
2049303024079
2106169600933
2105467544429
1534695600696
1606305365581
472484062738
702056563
2106169600933
673974291947
1105739063135
1259489443283
1478531079048
2106169600933
2010689916266
702056563
1145054228916
2106169600933
403682520707
2105467544429
1404113126
1428685065962
996218243837
702056563
282928793496
1208941373195
995516187301
137603086072
814385600508
702056563
692929818662
391045502771
1339523887358
1286167591343
657124934860
98287918696
1564181974503
142517481992
1613325930751
702056563
551816452825
702056563
67397429997
2106169600933
1366904091846
1257383273699
2106169600933
2105467544429
1503103057283
2106169600933
1561373748427
702056563
1439215913807
2106169689
2033857780964
931629042488
1308633400207
1103632893539
1528377092016
490035476488
702056563
1804285302676
1939080152545
776474547289
2106169600933
2106169600933
1613325930751
115839332712
1948206887149
1118376080711
842467862108
702056563
1119078137243
1917316400789
2106169600933
94075579330
548306170085
2106169600933
1801477076628
1545928505009
214127250973
2106169600933
2106169689
702056563
1500996887720
1128906928691
702056563
1951717169689
932331099025
2105467544429
2106169600933
1835877845679
415617482091
237295117354
2105467544429
1612623874234
445805913807
408596916571
702056563
992707961157
2106169600933
1618240326370
328562469544
2105467544429
575686375457
1519250357256
631850899204
1007451148397
395959898635
761731359907
1856939540985
702056563
702056563
1372520544046
2106169600933
1175242659749
2106169600933
143219538552
1404113126
1395688409350
1095208215145
2106169600933
702056563
151644217269
762433416449
2106169600933
1491870152947
1299506665356
1901871157591
1836579902190
1842898410785
1215961938495
702056563
1037639579399
408596916571
2105467544429
2104765487925
739265550541
252038305041
1425876839870
1926443135401
1409729539830
2000159068676
484419024088
2105467544429
1410431596354
1941888378577
702056563
2106169600933
933033155562
669761952677
2106169600933
186044988656
702056563
1661065773867
496353985438
1711613842952
1344438283040
45633676575
684505140122
1021492279097
702056563
2106169600933
468973779988
1404113126
1729165255802
1796562681044
702056563
702056563
461953214480
303990490146
1330397152520
570771979621
374196145512
1594370404786
1720038521120
2106169600933
2106169600933
1339523887358
1642110247935
2043686572039
1707401503866
98287918696
1168222094439
1404113126
1591562178714
2106169600933
2105467544429
349624166157
2106169600933
471782006188
937245494784
506182777138
1512931848576
1910295835699
702056563
702056563
304692546701
2104765487925
845276088268
1536801770256
2106169600933
2106169600933
2106169600933
404384577259
1192794073005
2106169600933
2106169689
702056563
1432897405100
1404113126
702056563
480908741338
1837281958701
1404113126
1161201529129
472484062738
1537503826776
82842674354
885995367533
183938818982
200788176374
1140841889730
930224929414
762433416449
2105467544429
455634705521
555326735565
9126735319
2105467544429
1238427747423
733649098197
265377379605
702056563
689419535937
1185071451175
702056563
150240104151
1711613842952
702056563
1404113126
2106169600933
702056563
172705914039
1144352172385
2106169689
2018412537832
702056563
633957068842
1870980671185
1615432100302
702056563
2069662662724
2106169689
223956042771
2033155724458
1404113126
1404113126
457038818623
127774294232
1874490953735
1168222094439
15445244386
2105467544429
2106169600933
2106169600933
702056563
562347301045
1621750608955
42825450327
702056563
2106169600933
1728463199288
1519952413776
1929953417941
235891004240
2106169600933
453528535868
809471204725
902844724445
2067556493209
1508017452930
1351458848296
2106169600933
702056563
2068960606219
704864779911
1795860624532
849488427508
702056563
1650534926127
156558613182
666953726497
1887830027411
106712597428
2106169600933
702056563
1611219761200
160770952536
2106169689
624128277198
2085107905813
2025433102892
702056563
85650900598
702056563
579898714745
702056563
1324780700312
769453981869
1404113126
1635089682775
2104765487925
103202314623
1006749091862
1404113126
1284061421762
702056563
391045502771
2106169600933
652210539038
2106169600933
1033427240192
1403411031114
732947041654
801046526233
1207537260135
1032023127122
1342332113462
543391774243
1325482756838
1637195852323
702056563
916885855205
2106169600933
563751414141
702056563
1415345992022
1094506158612
1559267578870
1843600467295
1101526723942
2106169689
1069934179957
702056563
358048844793
869848067139
1799370907092
764539586075
2106169600933
1267212065091
702056563
902142667907
701354497191
1188581733825
555326735565
346113883392
1098718497810
702056563
2106169600933
242209513253
2105467544429
1559969635389
1076252688754
356644731687
445103857256
395257842083
351028279263
1970672695389
1668086339026
855104879820
254144474709
1404113126
894420045989
702056563
702056563
702056563
1211047542785
1325482756838
702056563
1541716165895
50548072509
591131619498
1602795082996
1315653965474
2024731046386
702056563
10530848445
1404113126
2105467544429
1614027987268
1594370404786
1869576558165
2106169600933
1404113126
573580205813
702056563
1079060914886
702056563
1272126460787
1404113126
702056563
2106169600933
742775833256
1223684560314
1100824667409
2083001736301
1712315899466
2106169600933
2106169600933
754710794487
396661955187
109520823672
566559640333
702056563
1569798426655
1145756285447
1271424404259
782090999625
1663873999931
1998754955664
702056563
2090724357845
960413360501
2091426414349
595343958780
412809255883
655720821768
718905910791
702056563
508288946788
505480720588
1548736731085
2106169600933
1890638253447
702056563
2105467544429
627638559928
1150670681164
1025704618307
1404113126
1364797922271
1461681722521
130582520472
867039840983
1173136490156
483716967538
1404113126
1946100717625
2105467544429
2106169689
2106169689
1545226448490
702056563
2010689916266
2105467544429
822108222448
1989628221078
1658959604319
981475056581
1747418725164
812981487428
702056563
951988682061
1227896899488
807365035102
1149968624633
702056563
1060105388487
1404113126
679590744307
2106169600933
2106169600933
1984011769022
2025433102892
1404113126
702056563
1404113126
2105467544429
789813621577
702056563
909865289825
822108222448
330668639206
419127764851
82842674354
1023598448702
1360585583121
987793565405
1879405349303
702056563
1268616178147
810173261266
26678149394
2106169600933
1529781205056
2106169600933
714693571527
1996648786146
237295117354
1380243165821
1595072461304
702056563
523032134322
1303719004518
2105467544429
1723548803690
1943292491593
2106169600933
702056563
1896254705519
2106169600933
1958737734769
524436247420
1982607656008
193767610794
2105467544429
466867610337
1404113126
413511312435
2106169600933
46335733137
1939080152545
2106169600933
2005073464218
1918018457298
2106169600933
1529781205056
2106169689
1647024643547
164281235331
1993138503613
1369010261421
189555271446
2106169600933
963923643181
368579693088
318733677788
702056563
702056563
1948206887149
1690552147506
1587349839606
1224386616843
2105467544429
1404113126
457740875174
1928549304925
2106169600933
852296653664
287141132826
1849918975885
702056563
2106169600933
2056323589129
301182263926
2106169600933
1780415381268
702056563
2105467544429
1109951402327
2106169689
2105467544429
1544524391971
1404113087638
2106169600933
1491870152947
702056563
593237789139
1274934686899
702056563
1463085835565
2106169600933
2106169600933
2104765487925
130582520472
119349615512
873358349834
702056563
1121184306839
2106169600933
937947551321
2106169600933
918289968281
2039474233009
2106169600933
256952700933
702056563
1546630561528
240805400139
363665297217
2106169600933
2106169600933
702056563
702056563
1203324920955
386833163459
84246787476
2106169600933
1800775020116
669761952677
1359883526596
702056563
702056563
1404113126
1646322587031
702056563
1075550632221
79332391549
2106169600933
604470693891
1683531582356
422638047611
737861437455
913375572515
1582435443980
2096340809877
922502307507
966731869325
2106169600933
2105467544429
2106169689
1682127469326
283630850051
1867470388635
2106169600933
2106169600933
2106169600933
1712315899466
921098194433
263271209937
388939333115
2105467544429
111626993352
1595774517822
1745312555624
2106169600933
735755267826
2105467544429
781388943083
1794456511508
1658959604319
1307229287153
907759120211
2007881690242
1006047035327
1701082995231
1748822838190
1262297669395
1475722852961
1900467044573
1404113126
638169408118
1404113126
2106169689
612193315908
702056563
973752434685
713289458439
1573308709246
2105467544429
1909593779190
1794456511508
1670192508571
1414643935498
1460277609477
546902056988
1611921817717
1086081480216
186044988656
2038772176504
587621336763
1811305867794
944266060154
1845004580315
702056563
1155585076881
2106169600933
1963652130319
702056563
493545759238
179024423070
2106169600933
2087916131829
860019275593
702056563
702056563
1453257044257
2106169600933
1404113126
1317058078526
586217223669
1536801770256
702056563
2106169600933
1168924150970
702056563
1996648786146
702056563
396661955187
702056563
2105467544429
1429387122485
10530848445
9828791882
175514140275
1811305867794
1210345486255
266781492717
1140139833199
2106169600933
2105467544429
1275636743427
1941888378577
702056563
2105467544429
702056563
499162211638
1404113126
1565586087541
84948844037
568665809977
782793056167
444401800705
1093102045546
1404113126
2038772176504
2106169600933
1467298174697
702056563
702056563
1404113126
1006749091862
2106169600933
702056563
2106169689
2106169600933
1777607155220
2106169600933
2046494798059
702056563
2106169600933
1630877343676
702056563
1150670681164
1167520037908
1404113126
1924336965877
48441902823
702056563
1404113126
2106169600933
2106169600933
647296143216
697142157927
702056563
721714136966
355942675134
702056563
50548072509
353134448922
970242152005
589025449857
1404113126
422638047611
292757585266
1404113126
702056563
669059896132
657124934860
793323904282
2106169600933
1665980169479
1383753448442
512501286087
2106169600933
306798716366
210616968186
1404113126
377004371724
1736185820942
702056563
2106169600933
1869576558165
2106169600933
25976092831
177620309952
242209513253
1046064257807
2104765487925
1703189164776
2106169600933
2106169600933
700652440647
2007881690242
1703189164776
1239831860481
1757949572859
702056563
2106169689
37911054393
1716528238550
876868632529
242209513253
204298459164
702056563
2106169600933
1404113126
94075579330
702056563
1343034169988
1499592774678
1228598956017
164983291890
932331099025
2106169600933
1914508174753
2106169600933
1981905599501
544093830792
352432392369
62483034063
82140617793
702056563
2106169600933
1888532083920
806662978561
702056563
294863754931
36506941269
1649130813095
1577521048354
504076607488
1768480420554
702056563
2024028989880
2106169600933
1625260891540
1591562178714
205702572280
1290379930505
1140139833199
1958035678261
1602795082996
1577521048354
1208941373195
2106169600933
914779685591
702056563
901440611369
702056563
1110653458859
1404113126
1698274769171
