735184
763355558
1534468471
2290888051890
2291562809625
2291562809625
695105436068
326166712344
594778994712
1035514789481
113050436263
1320706243382
1465073184795
2063737575041
534218923904
2271702640647
1663675479710
688233858242
426264109854
816084
763854922
1527323030
2290800257201
2291562809625
2291562809625
2047129882905
1737003667939
533171474904
2267214333478
1055635254601
1371118462475
249016653237
2117404718383
1460869160351
252591026000
2109001759790
1784364795610
93190688712
763855
1481414400
1527709896
2290798356117
2291562809625
2291562809625
2244452120405
320819456160
426994059464
1586526353905
161270032192
900377968026
434633778931
2280104750199
1797349738399
1534646747765
603301256400
1339038156035
1317648308810
994602
1199674630
2160541152
2290798955453
2291562393583
2291562809625
1351569880178
1510774358351
754688083968
501085418764
1161060368136
1696003847075
554485908147
476645083200
148950828082
299432255694
529098491725
119841896484
2164763311225
1012064
764082095
2042120079
2290937899689
2291562809625
2291562809625
935722302798
1004163725328
1140076447445
1452852353973
1287857972954
1834778518192
853691920477
693346143953
2020395337650
1530762307964
314708504175
381622086816
191771200824
640818
763364264
1528020364
2291499925741
2291562809625
2290798620935
788292
2291562495928
61108085642
1748457424031
2290798699729
1649926278705
1869291628317
1543152960
718023139760
763259511
1023936
1027385826509
1620493531
707328385737
954055921308
141518700804
2290961267073
2291562809625
764154601
2290797798631
763856300
313944906812
781839
1238415
2120752752
19829901056
1555971259323
2291562809625
712926694480
2106710763894
794409907690
62529732461
2291562809625
548764036018
2103654390241
831147869476
921733851883
216934699584
1061758058020
1047978528
1895887658550
1819737282
2291562809625
450652
307910415240
2291562809625
20295023562
738649365364
1768801090626
1156477562022
2156934595140
2291562809625
903830589884
563683149379
971922266112
20398896228
2066225900865
359775466674
1437574795706
613499246746
90384390016
763051042
2291562809625
1523932248
1376517924233
330748933550
2291562809625
1131269936237
1698661633160
1386396393030
2029561463330
1703396381862
2248023149124
410190484050
1968453451750
1785890477952
2558976
2250314730561
1390877634
778650
2287771788405
207821567497
407134347763
2077101822
2291562809625
911298834876
2291562809625
349082143806
1527241211
84590090323
1527711692
1134628996270
919680824473
405695885223
1891303984545
406371771903
2028033367995
1091547867709
725661713250
2194909020
2291562809625
1156474258175
2290908669085
2291562809625
131381705169
1054858132144
985551809904
1850866340385
14513627964
1123170107913
1430699952160
513117509025
1603775569139
264414557136
1579290308235
1959211527426
1742351224170
1527709344
764792740
2291562809625
1555399846629
1249665850752
1316884783784
2291562809625
1160714608813
1587529858353
2287975161548
1498964197987
1503523545600
1528058847
763854432
734037388266
2291562809625
2160943805379
2291196137589
917389256104
2291467752369
461070585092
1489481126452
1636601740773
878554332731
1581418034480
80114224304
1641735828665
1403051701728
300258
207004927088
1372550531850
1216980215
1528209680
3783800
2291558768069
1054119852756
1392507547560
1528381602
300194856621
2286215830008
2290798955604
328738062380
2291219445717
763420290
763591157
1853110977645
803022039064
1536626780
763545114
1619172312066
2291562809625
297903567000
1630829888610
1527972984
1542232152
111722855634
1527959066
640619134837
1641611959185
972882033573
835657804548
1803344358153
1403632000405
2223579795526
420120772500
138257843328
864684519546
1395562158807
1016691545296
1973035768770
2291562809625
272903
581290544844
164992286382
2291562809625
1847083425
1798931125554
1660618907166
817132569480
2291562809625
953032
1309693600570
11884026
958637658715
1892716326
2291562809625
754687465552
1843945678265
739187900297
607682
455151696757
1737004930435
2291562809625
1551633137409
2291562809625
1996460739
1968869578863
2291238500936
2024409286
1639504553577
1410840229328
407899266336
2291562809625
2291562809625
2291562809625
2194553794739
2291562809625
610320289213
2006645424285
1312301745812
1685063441465
1564743960
2228162660581
1423938182289
1988134719369
2291562302418
1527709036
442558
2288507000838
297330014160
622541848635
2291562809625
2290798955385
1424883440
2012756125905
2290798041005
2291562809625
1829431978801
873089127825
1900469924121
2228675260
961016148254
2291562809625
369555631305
1315173778875
2291562809625
334123068384
763563312
1822331293695
959402742200
2290801904673
763854320
1528071435
2291562809625
1756101256569
580529258719
2291235443523
370470222561
1443010602717
2291562809625
1581713477689
1527408690
1144255484650
1476523335177
2290798955617
318804
2291562809625
2291310599005
229920749912
2201701791745
2062267368250
1595691833244
145132433090
764115040
2291562809625
647749943120
1504028559265
2290798711169
406533961820
2003671835707
2047893784305
1981494984
2291562809625
1441598279772
2013521082672
1338274798746
2291562809625
716496995601
1717636952835
252994081396
1556735625895
2290798955985
2063745609195
1527446592
417828300096
42011996400
2040255230529
1420460518183
2291562809625
1783600743331
2290975351790
947623720945
205477364606
139841995293
135199676150
1449796382661
1189323166379
2291562809625
2187066566
2291562809625
1509376759923
2291562809625
394743499475
570599188992
2291562809625
391858049154
2291562809625
2153465937
2291562809625
2291562809625
452790
1434518361321
312460881369
2291562809625
1793530293721
1204851869490
295953
1527708684
902877152588
2290846825549
2291248502022
1573740369687
530879946568
1381049887009
518302528880
137493910080
2231388002700
1766795421415
1420017364561
1853616316455
1848527346969
2291562809625
981582867
864684180217
403729
1263677428
1612896358390
2291145228651
1824083848114
2290799505033
2219760120051
2291562809625
934193575257
769202359616
608792764440
1416493729369
1500819531177
1578709056
2258041214445
2085352681193
1528108272
2200664248599
1924819048065
1076270898915
2291562809625
1778677137912
1536102835035
763854555
2291562809625
1363477667803
781428046412
2138380655241
792880758038
1696521300852
1817974680423
764621234
1027385818053
243670617372
2290798955605
773021798241
2291562420103
2291562809625
116105300046
2220374799550
1751281829033
1777487854062
9920196
2077683912225
1410838883995
1925762304
1066742196282
2291562809625
986137727836
2290798513497
763388460
445359103860
576710892516
2291562809625
913005139775
2290798956272
1212238053222
42169957920
1352786199072
763257792
2133185598
992246212684
2291562809625
2174693117331
1611736816635
1663681540
1365772666710
2291562809625
1788184142505
241377773650
2061643277629
166350126856
2291380413345
2075392913031
2227725316518
1656066152778
1934163840
2291562809625
1071689134241
1542986169425
763619745
1118738710502
1029675917373
1822557043389
1526080656
622542026127
565252876120
2291562809625
632471556729
33609440990
1963546299
254657728170
762793571
1608676536092
1932551261648
2291562809625
2156361613649
2291562809625
500233
869444132960
340145344196
334877
2291562809625
1193140435344
1317340465795
2111293394481
2291562809625
1287859701937
519767025449
1775961686553
2216705542218
1615551934665
1842287551695
2003912513112
1630516675689
1273346612662
1656800480759
1784364169650
1540844984053
1861181896
1128977126915
164865523035
1657564791405
2290799334777
70562175597
2274520686969
1691173963130
491922408953
268876506780
1707979476953
1031007426361
1651075918253
763855200
2291562514701
2290034729640
203186397375
1528148557
1822557561895
2291562809625
583541
2291126375034
17568665000
2291562809625
52305289176
933943685784
977561193771
1466601762924
1933394875457
763614189
1313970
1624965946695
339151651080
1256882870
1193721505238
582428
514345407930
1580414504222
1764121452019
1527936630
2291562809625
1889775210643
1533820205719
2290799256184
1308022156185
204712898157
349081413198
1434519642739
360315727540
2140319161050
302517
1528082325
1831722634201
1895123311209
638583374089
887644820916
2291562809625
91662826771
399155647281
2259342940
2290798956633
1527712128
1717145999442
2290798955802
2286215401797
1742989047783
1584503608322
1976091225952
191352447947
1145018740936
2044074986625
1218348996783
2291562809625
2291562809625
1219134276981
1525501352
1532636923
450673721820
120092842351
762840080
656125708560
2207483949
2291562809625
443716
1882138492575
1110643209170
2291562809625
1527712480
1894136325339
1528184124
1080724110999
1298951179678
1979312050688
2144138988976
479701005009
566016692675
839879330940
763288824
4583130768
1945747177455
763340490
1468121136026
464424400412
996986501119
2291562809625
1527710508
247274988125
63921316026
1692701156025
601917279409
2291562809625
2291562809625
1045552733670
2285806231632
190963690500
2062407069166
2291562809625
764325690
39000683602
1574305844217
1691179524
106940149362
310235405766
911279598902
914333498216
1393271707120
2291562809625
406090
2291189125553
439980994021
2291184013075
762225984
556460323056
269058
167284228356
1209945398361
881885914086
475822466973
1739280280475
1616315659752
1843181209477
1096131661473
1354811081035
1731657354747
634404023394
2291562809625
759326667838
626886965952
587537013600
2115877157562
530879520375
521597396520
764198700
602837436655
1083906229263
109995217488
1480350626460
853990662240
1898943980358
1836023780344
350609754325
2154848748
28261969186
1840574213661
236942885404
2257953279517
1342823714113
2276350118058
1528054839
1669194999
283645
787534848728
1522359668844
2291562809625
762763479
1528047180
2291562809625
2291562809625
763856546
1725546662072
324638287875
1481877889080
2291562809625
1231331342914
1527712680
2291562809625
1810335008663
2163999129201
1701868628361
81732681378
905383423065
2291562809625
1528076403
264088347656
1624719238213
2291562809625
2112028777737
1527708604
160133962450
1261210984665
169812093696
1868387974916
161154269198
1804386
1257877941
2291562809625
2291562809625
1175572298300
1333212937499
1847000161798
1294733457075
1138143137950
480464920800
899057479888
35901582430
1329870773856
1839261234585
1396376191680
1954703146233
760489322
2291562483749
1527939346
1886201503989
1475003643684
640633436613
2291562809625
718023355385
763559928
2291562809625
856281692652
519421981344
1009863369064
1698812748552
1833791951001
2291166150250
1528892540
6451829918
2291562809625
1191761610
1226749729874
2291562809625
1057939607385
2235035615454
528543366173
1139671609102
1353550267345
1594927865865
1303467410112
763207965
1992276648
282626809038
1258832956092
505672524648
406371320712
748878
277279534740
2291480565287
532530383320
2291562809625
2290797987715
1399382339139
1967688628218
320275
989964145383
1730894020547
2203719742110
1867624224193
1410717610743
2290980126006
2291562809625
495741522474
1798877882500
2290800517513
765250764
378296343633
2291562513902
1753809440813
1782836223202
1074526052566
1217584387971
1594195740000
777856
838356898776
763074719995
478174196544
1025093582070
2005683337169
764082788
358449
1708741723917
2124270346885
1670548277781
1526876169
532407625125
1954701915090
350609810416
1953939908471
1167037896839
1524826630
626690015518
766055880
2291562809625
1528017018
2291562809625
2291562809625
974371211106
2161640530
1229041796658
735278890752
2291562809625
2291562809625
1604296181965
2290833765140
1326882935370
1678189470983
838425975808
2291102801307
676009839232
765410304
2065462348857
2291421726778
764163124
1940954460569
1037314577632
1398772626930
315643
1627773823062
2291562809625
1365709331250
2291562809625
2291562809625
1315357125264
2062406591625
1197724782258
2291562809625
955366786
1895737160601
1342212160143
2291562809625
943570616800
1947464035
1995186273428
569072115012
1753199302
86242182185
2017888308751
2051713578245
703690
2079975502587
1528149590
2291562809625
2290798630465
2290801575152
2291562809625
1831097880
2291372077933
2290799314032
794860732007
1528023860
1196195833800
93239321780
101585332770
2109765963708
1527993243
1035772662395
442302
1793086
763854338
1528045344
1034158766405
1559813315388
1089257958185
2290816719441
2291562809625
1315764850427
746663694777
1885667878479
2291562809625
1213090103808
1005996397572
2268647236185
694344533736
1393051747984
1659855905152
2291562809625
254364156606
109994709825
763854500
2291562809625
1526921781
709598609720
542972840861
1200435200
305893373300
2108792209830
297139123470
1054119251865
763311776
2291562809625
761174244
1183210580173
246938078268
2290798956405
2198642866685
2291187922809
86280291252
290864464552
2290877359683
2291562472085
2291562809625
402214924845
2290798956591
2018103977913
2291562809625
1791943380992
333040258509
899820464352
835658123766
1915747194492
444564130816
1025094290434
198602362920
2291562809625
971622451295
417829233094
165755731768
764698428
1421532919296
1462048260
680760309430
883779240960
1339801443032
933287261616
625598
2005117540461
1526713167
305176
1256340
1146546263225
993679180177
712200604074
2291562809625
2189970454257
764209530
2291562809625
685178249003
1817210284167
2065461969385
1280623830095
2291562809625
559141651857
2291562809625
582877871719
292556886300
93191059962
815796678765
2264100826765
1807280104842
2035824420117
865448440875
757744161601
2212121226540
2290798705937
2040101400
814270223352
3699056
1528004319
2028033330390
1077033193495
329985902560
763392682
349803607260
216934856352
830309268766
2291562809625
2291562809625
2291562809625
2281632438265
1527057710
660733545654
2269957904953
593358971151
763509404
1106715
1264943042272
70274917665
1527219122
1417105550
66455430936
2291562809625
823435997626
763854336
1848954213624
463886423186
417186027508
1474240380900
1978902
563725493079
1368827177625
1614775259295
2291562323094
440744844120
1981796538699
854402745
1850818650987
1942481861009
2156077503393
1200015216526
2290888888073
881034
948709275416
2152173178013
1647458931333
1650725469713
830310194775
1749226872330
2030981500965
1134894598945
364359021291
2291466173193
1911072269637
2209830170019
1702230425
1527436820
794408790240
992493996861
1853110966635
1175572860390
1075077424354
2290947766575
1528222111
2291562809625
761086975
1133674650
2291562809625
1005681271686
2291562809625
1081244060278
1043841711792
2235040453763
2291562522570
1400144858996
1678189299375
1793614556195
891418031118
755118301704
1069408525185
1986261296578
1869916188325
1884566908243
1706455367205
313441
1527370130
2291562809625
646888936421
164229284791
2123909200326
1109116970990
2290798956085
1347270848
298994716530
995148476
2291562809625
591224028995
1277927869362
1006386175467
641776808244
1247850864891
349081436364
1849291967232
347365
1523709678
2125684206561
763325584
333999
1017238230250
99697706416
1122184183131
33609959064
2291562809625
1459688484837
1273972731738
1533055598955
2133012597977
1124609798910
228627431755
1527710646
1434518868600
176957102178
556138585248
671816
842532664164
763855488
1631216640256
1752281744425
86871007752
546155819277
2291562809625
2291562809625
338388478520
977865372
1980674557293
533176813830
332046560274
1555208237101
1562082262315
240849897408
2014158198134
1464798176843
228392760680
843480223542
1318412861822
71038153211
1588607530417
1145786223714
282282
823135316294
2290799334777
440763313650
1582120512
624833838795
2234273742075
1193750791411
1276400644275
1162588034417
1355841648714
2290800623197
794789688662
763854384
1526866901
1443685611947
2212122019105
1071689162829
210061294044
764104275
1037312811740
522477952478
1194998835423
764435800
1244312253027
921209824845
2291562500873
1808043046313
448408558206
2291562809625
1528151610
4577216
2011998405648
2291562809625
360309
1394034112094
2041018785792
2290799206443
2193025650204
1098972457009
798228319292
1189322448309
362830865650
1940190781684
2291562809625
2212885877289
772258219063
661346
1614024570995
1133758306764
2291562809625
752952814395
2291559703561
740174739825
132161133470
2291562809625
2291562809625
2055139497381
1238214828838
2291562809625
2066226523905
303479
1347439942310
1731203787402
587404678022
1069318177839
763597914
1492571475417
2211357980127
2290987712718
1092233525825
95482035000
1569720919700
201463103343
2167818436865
1329105251419
1212718746912
1079432973027
465765
759224880
2147248791635
1606385608371
207570890439
1170223706064
799658097576
2188243295295
2266355935897
2291562809625
982274002776
2291562809625
1801739911398
1576595462817
494085
15617844
781837
1527945306
20603117184
877810291942
1033494665705
1004468799000
1145018581964
2291562809625
1759920392217
1307970
2291562809625
2291562494114
1049536349375
1527415151
407898740880
1597983877716
1427643499260
731773674380
1527709788
1953277555279
695872149771
2291562809625
916530916026
498031988355
2082266999945
829034916
1594499032781
117633351159
2291116649915
1795886272
1527449708
1414978277217
357276
2102890859769
1761746718351
2291562809625
2291562809625
1564908892471
518655177363
1031272175232
2035399965765
360539767422
1138143175200
694098
1183741267506
764299196
2291562093064
390556558980
2291562809625
2291562809625
371996691066
1720330130658
1528200975
1919276849225
2291562809625
1434518108080
2290799258977
1513163113602
541509542475
1099072
2291562809625
136729526781
2291562809625
1256611553509
387154
1475152198869
884543099123
789826071034
1908884155514
1882900863450
1625143593390
2291562809625
2291532199815
2112058770023
2291562809625
2291562809625
799756589597
477470782442
2290999292425
1561052153760
2257908840
933263392336
763855680
1232097334308
803575916365
2290798691641
1720200361024
2189367838488
2012411666125
1299763412899
2260777578672
2291562809625
761562996320
2290798670041
271641
2093725085941
928195038278
577473002073
1685064071515
1313066381762
138257241150
1124424062256
2291562809625
2291562809625
161937737000
553032468939
1058400320889
1903524870430
1382577754720
1894763935985
1351259759477
1064813019660
2291562423646
2291562809625
81974700384
1747453526596
2152541997105
2002826344629
2291562809625
1384100813636
2042546503584
1704162895788
1803461557945
4587714
2290798956665
2155219288131
763468188
2127898332025
2291562809625
207004481574
2291562809625
1801169567725
2291562809625
417829274145
899820921416
763631418
1591871748785
996829908480
171867630512
1070850111432
298667107154
2291562809625
1861512962585
2239762767224
2291562809625
1390979033574
1882210970794
1216819947690
373120434960
1242094991400
976036579
1829430799799
1202307795222
257711
2291562809625
2006645382704
768437598633
699690214016
1170225228148
2008937761148
2193789905205
1525245093
2291562809625
2291562809625
1507802699799
395166
387086364020
2091432954571
2163133465205
1528568184
859884757408
1692261780432
925986633565
632471382717
666555866115
832601187434
601917094562
247489189694
688232212057
2291562809625
2291562809625
1487989171310
424418556790
1505094132129
1528577937
260840509775
1575833028300
760036124066
1616712263220
246725074560
333805155845
1308482754143
2291167691324
2049892900
807110137989
1148078563917
268112318480
1022801585765
1528265315
397221
2291438886600
1528881103987
289348075017
1853111364060
2291562809625
763855870
1403340224025
2100598813704
549975420000
1329031166739
2291562809625
332917836020
2291562809625
701220157575
310384
1527384232
2291360945625
408042
578033467646
2290798955417
1275637915023
1867622615500
607262465024
2062640267737
1124073135450
2291562809625
1587288850005
658442691060
735977302086
745457888975
1130589148
763854720
1459472542681
688158
2291303453025
756216609390
1818693331113
1702254682132
306030343369
1091729567637
763855392
66455352288
2291562809625
108789575875
2290799185505
616432252044
2047168877
1012357661853
2181567879523
1733950843584
1392506472027
2156366026302
281098919338
1817210420346
1788948449427
1914104358
1540140003078
1079327504940
1977327690207
278983
415856544544
2291562809625
2291562809625
1517014812582
495998661217
1886895200045
762926970
188814636486
750868453027
1614016256981
543101375322
2291562809625
1567429399641
637055618357
2291562809625
2291370754905
1120502091474
1892748423900
2291448322065
2291562809625
2077521903540
1865333062066
1773252076225
1632356824885
327647093070
16019033
999594282948
929612198086
2291562809625
2234811288975
1804577940655
2265208211006
1318128671
2291562809625
777066
161937013509
228394666638
494213864735
2215699800
1383887340337
702746227545
141312315123
2291562809625
1031333590432
2291562809625
1065482870387
2291562809625
1717144839257
1341272
1602566321400
1884806331405
1527710232
2291562809625
1009815536630
981648486
610319791885
3019188
763405216
1420231114482
1462587651867
1975327859575
2290798423064
761968240
1462781868455
48641152896
2291562324946
1937898450432
649276143351
2034558732435
635611047618
1214052872517
2291562809625
441330857490
2130389278585
702751156410
792117319752
560669132695
2290799316147
1173675667705
2002062058223
2291562809625
1022608709175
1759157500029
802812162456
2291562809625
1067869640909
1753182191129
763854762
88607100424
2235037663057
2184623417205
1647634695978
277060
1633120829715
32358516525
1277166136975
763627419
276159
492250722558
981818
1908871837742
1290471335280
999248866397
1311168623489
986900034672
1829430751226
1165879639265
1748523716240
2290796105287
368351821538
1686590909843
723369176950
2291562438822
474354054688
1965396940320
321201644710
1250429950734
1648013293095
763854480
2291562809625
254624491921
657516581040
512537796000
1403964812001
1086965654721
2291562809625
2291561490741
2291562809625
2291562809625
315984964133
893075449581
555333379225
1080916520565
2291559871725
690278183091
912808165348
646142351914
1583471279763
385389708180
580144292390
736357103985
1483561130731
1900469868825
2291562034139
31016839956
1780134351968
1910400304219
2291562521813
518566085246
276259
132145575042
1909636567082
1778252999232
329222116084
922737347532
804200754670
1231333621149
2291562809625
1230458094063
550140213532
2291562809625
603443965501
1528309020
1509142473789
2291562809625
763355184
764221305
1133561642136
2291562809625
1535958186083
1947828491625
244434031943
711836995718
1779017323161
1537178653186
2286979452118
354457
1422852838305
2244994982469
2291562809625
1700339894895
2290799994987
1266471592644
2291562278064
688996991520
213115476924
276259
1679838575893
190964422750
2068517179391
2291562809625
1938490285
2011228318225
1059083967387
1650801281697
556585013388
552621269882
1420006703454
1930260155823
763170208
1243935263025
313501766240
1715304120
1201543512393
610595
1209047308503
326434
571364616120
2252674842364
695106848362
1658708401228
2291010793355
2006361303052
1896081661185
1527445458
148188084176
2291561873530
2069280869739
2291562809625
2226464066560
2290799285985
653096301233
333040484392
1822494249665
526072
1070161176575
469487
2291562211930
989192578485
14416269751
1831723719276
2290798957685
1220640029505
763857006
1774434398410
1327580212686
91662197568
1445976258048
2025868258590
2291562809625
433104745392
675247323994
957111136656
1113687062388
1527257297
2291562809625
264768
2291562136033
1819835954944
2161449475441
1077085466480
2237497854551
290771
1767703395375
270404549640
2059678656
325402661569
1025067549786
362830587340
764316446
934914241857
574125985735
2254734978
2152678029506
2291562809625
440742880105
2082460514185
2290798451220
2203768038261
1627011153007
796512
1527389973
1903267101487
2291562809625
377026
481228823405
479658
1780545101650
1642290991667
419357038613
337243
111111631848
357837964086
892945474800
1240500488295
657862420360
708093719016
1649924983455
772257255339
1306954679054
661498724605
1047813
2290855046217
147194561562
1002435
762993962
2280105009285
1672077244821
2142852911409
518650125570
2290798957080
1527708654
2290798956450
2291562809625
1368063383453
2001203369165
1833737316840
1568193177790
259632943838
2291562809625
2291562809625
797464208664
2090669145557
1380370676496
2214413545323
1377492477010
261237801585
334584
2290798956037
764115720
184087836210
1527709364
2249248167641
614139828599
861614508
20623588640
2291562809625
2291008939399
487471601479
484680
1816446620901
2343112
2291562809625
1347655962900
1852345567458
556850275225
324895962818
402665
296488773613
768438987188
742636125
2291026178127
2290799284049
1610405082384
1528210338
1880257184
2290965972951
1971451020473
2067285928181
63399948815
2291562809625
1183638071378
2291562809625
1512433659938
2290798955489
195546750464
2086849753930
2290798955385
1527972711
1381813057894
1454058060
509747584546
1568184731821
2253370124975
438458873686
2291562809625
2291562809625
1527982848
2081753127789
258948290324
867738509792
537754516969
1672042289505
1837832833520
2291562809625
902876453540
2291562809625
850934111917
1988554310260
829433477376
1925676683271
7416062
667487883360
569837329572
2291562809625
2291562809625
2023450901714
1313829372938
1187794084786
1110221024264
763445936
763439180
1751852381347
314862
2187790414836
1048772243857
387318761128
2046365614585
265044
2290836769977
1900470736785
1711034445414
2291562809625
2291562809625
1330635657822
1506322332136
896698539
870029114824
323110535139
1313067111553
1601038811705
612554
2291562809625
1086575304192
2290877452929
2291562809625
1196196002928
1178262566697
1581178533480
711149070236
1017810789585
1528051111
1742351659158
1660113214711
2291562809625
965844110168
300494
907633183275
2291562809625
2291562809625
1087728365079
1002584875485
555322635890
2291562809625
1982966153690
565252611882
2291562809625
1527928191
1048251533952
2291562809625
1117518959403
760035788920
1213110
2052966102369
2290798727229
2043520989930
397204484560
2039491195545
1355076056775
366299694740
1510160496
669900857802
2291562809625
1274096951573
608786672319
1521683089689
763612976
1422591114
736355658425
1792003227363
1287859243605
1782073099641
1895123734187
1443686685585
2291562809625
763854830
1298949117865
1969548
553554111574
1527952248
1293659150472
2290798956249
677778
555322070739
1777667165568
53469826620
2291562809625
476645875116
751834120772
2290799613920
1528398730
2011992835384
718023549600
1804988648313
1230925710483
2241911026535
2290798955755
2200902528
763854568
1976854902297
2162885700
1690127693721
1531976673766
578238287625
745539681764
1565902413075
604973003184
1978176340
1999770570929
1760034
2021159341437
1159532319789
501853439961
1555608978
352494
35310247700
1532293419997
1174412280
764075272
2051713185519
1774434083427
1657565098701
175688013422
278669997056
220960393704
2255661933845
2290799213604
150478654125
763856532
1526319774
1022800305898
2141847477911
1146545367680
762542165
2290798459756
860861507488
1828668207957
67801119848
473590975650
1205332399263
1067867828649
1957758268977
1690772108142
1680481140825
388802688768
763854564
1445667747886
2291562809625
527824166070
730941420153
1527357573
2291562809625
2291562459875
2007222133733
197321502456
1791027548
1789711881375
927559847916
18332524800
1528891041
1952413028950
2291562809625
1174045068972
781354023014
2066225567356
6261117
1515488167122
429615
763533034
1543750101026
996067309659
2291562184028
1532293411704
508726887584
1356761585
857947240
2290787020195
2112057462965
928382364624
274089519804
175688363039
2291562809625
1164878748425
85551158940
1374937812
763855043
1297025426745
1916510564365
229156406400
1528047630
892182916816
936483674346
1932268361193
1202307277908
2200663933266
1396326946455
1994422943811
1990387025655
1278662829225
1571403357136
1645342515975
1133316
1370355763593
1394076533850
2291562589177
1527709546
1895698395921
1674406073058
1300078231972
1672502393079
1537638838641
2291562809625
1368634171037
2291562809625
895246764
2291562809625
2291527269657
1051169798
1550855700
2291542201114
2291562809625
146336605149
158117984172
82501659900
910515161007
1456612817080
2291562809625
1332980438698
492687305760
79440862273
1281747736896
1497154121507
2291562809625
1191171402
862392476769
299669
634763049825
2290798957136
667690695752
2290798336062
880816811477
1288808464312
2291562809625
1954236992498
302877
2291393372914
879934867488
1874101713745
1201543660870
454145776313
1656855504310
1185502083120
1554132
1791995707794
650040689673
1303900621890
841004755505
1261887565326
1181901096846
2291562809625
860464188773
2290798955940
1845059
1547623431148
2291495778671
1090019797488
1394379115708
497269791454
1605622328805
1673606122563
2291562809625
933430102980
2291562809625
2276285999118
2291562809625
2291562809625
684368552448
1528005430
2015047714626
731009648425
2290798958043
598941568138
763854320
1466942128344
1530891687
933430042025
2090665543523
1143723699
1529688154
2291562553556
1573540877700
40484735382
2291328761411
2290798957305
1598473594960
763854567
1270647337500
1809571258276
1367509218801
588932943620
1581203218
2291562809625
11455733888
852759563693
415537106400
1194668579251
716495878257
1017454559121
93190252214
2291216965257
537736440444
938776181928
2247259100583
2291562092391
2291406282225
1999192338
895668287400
656151596184
1396139481928
2055532116441
2291562809625
1527709212
1043505352095
2083030677712
576494
1280984760102
391857400540
2291562809625
2218997345715
349082572050
1870679219259
2291562809625
632471424237
1939426331008
835260890424
564461347676
2291562809625
185616949680
2115982535625
1526944805475
2291427239096
2291562809625
257624
1905186360
194783957046
159172938660
479692566192
1432227263232
767080941990
1371883509747
2291562809625
424703140920
275779596176
467515239796
1457571453282
2290798956227
1742357827733
1400859066046
480465570104
1527471659
333125
2291562809625
1355842622475
1200016151316
776200777381
2030359450050
1598909281599
1072452895401
339642
671375458762
70045841574
17583627264
1033492810528
763061940
26734238692
2291562809625
7636276470
1742630480100
2291562809625
2229651502950
1954703634893
101593093644
33609622816
1609441538964
2291561791153
783715148946
316998069642
1895123404364
1898179131630
863155079977
1845472985523
1634572434
309504
1963870179505
1177887948924
2291562809625
467190
2181568375988
2291031996606
2101362157653
139787537098
1676661754274
492343371523
1880872000223
1723256122702
711225
479700931710
2206775926236
636432657860
2291562809625
2291562809625
1527708720
2291562809625
2291562809625
2233914589019
900622355625
268877204505
1177864171582
2109654285217
1338273982769
1659091493414
2225868889138
62636289170
859667199930
1748301577629
585113289700
935720079640
1745203333561
1935606775725
2291561981150
1211629169821
1510904414073
1792098288429
1391419280
523240327020
63737147168
560669028205
2290798731947
1527708968
741701671734
743916587868
697131965700
2291562809625
1823801247951
2291562809625
1074174809713
2291562809625
1331398512024
1776725078825
253816579800
134439259041
2156260
2291562809625
1911928516656
2291073600285
2291562809625
2270938474801
1749228273365
897285012290
2291562809625
738977795496
2291562809625
1787335760125
1723254620358
86727727540
2291562809625
2291562809625
1875262521615
1509376206105
684009546090
763285131
2183287710212
2011992722157
1649789713236
435397033080
1151128560465
87843257495
2279341404780
2060303276100
2291562809625
1804315202
783627096
1866093953475
1101473541495
2118167792358
599295451480
1929126955299
425109326360
79433362176
938776610010
1155713385225
1412366696708
2291562536918
438220401478
2291562809625
702747146133
50414793895
2291562809625
2071195672921
1521599080320
136007356068
2291562809625
149714603709
1756461420
1133559160330
243670346355
1246655691
1502502571437
1033770055824
844669480620
2250215247399
1476118486372
1535834790
1629247394862
762272878
843295792885
2290968592083
486576038160
2191497833285
1601802136540
951836503291
1401221722530
2290805135495
708096703755
186140743750
1107589632245
2261452912530
1521072648210
1901998202333
1462151691
1528247766
2291554666190
1662648840
1439866566138
1724615751405
474607882294
401787361800
1736242343705
2023902525
1763739869757
1672766045625
988432057536
2173082332044
2290877405419
764083332
2291562809625
1415430505170
2291562809625
1869042301873
763854516
2161708235606
139785866575
2178512144810
398456175180
875980
2290798955415
2291562809625
1471035556008
1605646787284
996065990242
2290798955429
2291562809625
1264180289800
956751273255
962008926933
1552916987337
2643102
86137465878
2291562809625
542337858048
540045617916
158367203536
1907165190227
938776922462
1570485725833
1531109412
2290798955488
2290800060855
281329962316
1685827120521
2290799289275
2291562809625
224573177430
2203720187191
439561017954
845048820
1846236700400
2290816558619
2291562809625
14145452
2290867099581
1053679280225
1009053246279
887598122740
605736771165
2291562809625
254534
1373544226537
1667495201241
1969216763265
1527714060
1995788718
1347440418687
2291030732145
1553680431021
2291561715278
63984224950
1797545457858
1165641915158
1527709508
2291562809625
2291562809625
230350195362
511015012145
273257453084
1301797811689
189734088177
310125663523
1489517118287
329985785426
761812216
2290859876325
2291464860312
1527710588
433516
2291287914627
288902
200129861184
375053023986
743230964460
2291562809625
765901943517
261238514446
1527483711
2148722317875
2010370185
1282456593221
2273230312953
513952225774
345260653029
2291562809625
2290797016805
849125970
758693166
660393
763854444
1177099337001
1265115929427
519144536891
1022037485574
1621662762650
2290798955799
1526650710
2291332667265
1667356900447
2021923233328
1037670049380
1799963664
2127334392223
1050299718375
1094390313751
114578962496
880725837384
1635412871055
1417075997985
2291562809625
1527969856
1564373801625
2003589412241
1832048946817
101592708084
926050106324
1012173263584
2157125647799
2291562809625
1076270962320
2291562809625
1022035967517
2290800641801
899265754385
1796434013889
1049198177424
2173165780994
944129820929
706564756112
2290798958165
2757598
1692702720183
375543
2237329167105
666540
759224880
2291562809625
1528901063
2291528567885
406369118454
293339
1526583821425
758507797075
1302371673570
847116075609
1488476045904
1843180402443
1043637476025
2291562809625
207636121140
614140252885
788940103810
443800646104
1734715105597
765423120
2291562526297
115204212812
1317644837642
847116118425
408067708054
2290795174057
81522715988
2290798592325
2291562809625
1056506116650
874978
857045483570
2047826784
1441393917551
71038532763
154298568600
369548
1172456
2291562809625
761671909
2060114976724
1861310301225
763854498
2291562262452
1420006411835
1127449021732
2291562809625
675343029850
1782618250193
1159814015712
1941717608925
1407847614616
2291562809625
1344385055865
2291562809625
106826518175
609556125465
2236565596341
718023569625
1947935770491
179505783765
281386949580
451439716674
2291562809625
1526622420
2143927296
1617844112735
433106396793
1195659546169
916186236617
2291562809625
823053116
732535387948
646514
807926897811
1527464865
2221286967205
2127196096765
392194594245
104645992681
763292400
2099245729209
1971507948429
1377132955
590660240428
1123279895808
324638159100
569837571987
2290799573203
103120379505
740803864137
563562304228
1133967699501
1212306189900
1507084892127
1919565839609
1065578677425
1672654950028
2290796062070
285532980975
2291562809625
1606923880664
286445376000
1591107183417
930375870765
144367990112
684211435081
2171448373835
1741587874545
763610760
873112040549
1128212796979
1113777875280
1528752405
526295358468
2291562809625
1962283839092
2162753572
1496194909
364087
473590538769
2158718900
1394035862553
2290798955890
96294923653
1863805971595
2291562809625
1662148336570
181033225453
2078738130209
2291562431667
931214577
822672331479
2291562809625
941868
2135736593625
129091703484
367424542077
796699798430
446496100112
1358690
204713274751
119927490288
539281389525
1506616
1527434496
2291562809625
465951157770
762344970
899056632331
2291561850010
1595848320
252071785373
407389
5138040
1012871207556
181797377664
1528640730
2291562809625
733302668298
2260108679
430814270760
1871443434675
997593229878
2291562809625
579388934375
1873344619433
2291562809625
1014667319484
592648662816
763505757
1322233709725
2291424473825
281098906866
415817
901585234039
2236564619982
1205363092122
692051995800
1036438
2291562809625
1711033661146
2291562809625
1686579502730
203185713290
1527711500
1536876827012
1804224898050
366709
354975945368
1232860840200
147973759668
1227514905635
1222930915213
1467577190
1859452942541
110758890175
947943998493
1387923677853
1988312418125
2290798956567
752566
2291562809625
2290980173249
14513254500
324638089157
2291562809625
1195430178307
1170224794113
2183096056503
1060370684527
1527405894
2291562809625
2008935125828
1148837398494
1262570
784242646112
283390157566
2290798956605
137893438066
763588728
1021248891
2291562809625
762624800
1830321641822
972777633338
763436040
2290798711390
2237330009784
1925676917981
1848528102615
1029675823209
1221079086
2056118274651
1897413290600
2008937754341
240613912968
2291562809625
1091549302236
39465805500
1677422850019
2141083419867
1364757109047
1458961686518
1550655429577
325401959064
1317255404037
593516850080
1528560546
1422529967373
591225034114
2093707599177
2104418792775
2185386168355
623306924723
1899802838892
2291560986584
1253904134200
1046446514125
130619191320
2291337157338
908222636737
884946415024
1528154424
1527709052
1528027545
334568592615
260474698809
1031659883172
2095750907820
1881374201609
1147311695845
121452833700
2148738960
5345176880
753920473528
2291562809625
2167054734765
335024
2253369521866
1888248450709
670314207261
1100715034688
1686758609919
1898381593953
2086711346249
2269411049280
454042294910
2012529840
1947829158736
947598504375
1442920753429
1410840464592
1139535468329
2291496207347
264303697736
1426792896165
771493505118
2291562809625
1745498240405
761938868235
2291562809625
2171638342301
2235038068053
1528092085
246723392125
1089116241753
2290864266549
2291562295937
984768374262
870817360
855267512012
993774826794
2291562809625
1889775592628
1486460279184
2061434643987
1730129759008
426258
2291562809625
1915312667838
2290874748803
763854444
2291562809625
2277922752
1527974422
2291562809625
1003693132132
330525206100
2291301375872
429347711637
1539930851481
2173165194729
805528984752
2291562809625
780240
1004549513216
1527709946
1531363714
150734586392
1538404396968
2250314213190
350608805050
2214193098321
2290798957250
1528022541
711909454325
1058497170
2290798699475
1119809363274
248061682984
33883646
2291562809625
320055472517
841769453056
2285064156249
1252870211697
677777
2290798956917
2290798713864
1055646684901
881488951252
802810957584
608649
1363406531185
154930458075
1201544335625
2001454497141
2244967052061
1527470544
1895122518231
1337665032366
2290798955595
2147194450364
2291562809625
717430193842
1550146335
476005113364
1526945319989
