200 181
...........................................................................................................................................................................zzzzzzzzzz
...........................................................................................................................................................................zzzzzzzzzz
...........................................................................................................................................................................zzzzzzzzzz
...........................................................................................................................................................................zzzzzzzzzz
...........................................................................................................................................................................zzzzzzzzzz
...........................................................................................................................................................................zzzzzzzzzz
...........................................................................................................................................................................zzzzzzzzzz
...........................................................................................................................................................................zzzzzzzzzz
...........................................................................................................................................................................zzzzzzzzzz
...........................................................................................................................................................................zzzzzzzzzz
..................................................................................................................................................................llllllllll.........
..................................................................................................................................................................llllllllll.........
..................................................................................................................................................................llllllllll.........
..................................................................................................................................................................llllllllll.........
..................................................................................................................................................................llllllllll.........
..................................................................................................................................................................llllllllll.........
..................................................................................................................................................................llllllllll.........
..................................................................................................................................................................llllllllll.........
..................................................................................................................................................................llllllllll.........
..................................................................................................................................................................llllllllll.........
.........................................................................................................................................................kkkkkkkkkk..................
.........................................................................................................................................................kkkkkkkkkk..................
.........................................................................................................................................................kkkkkkkkkk..................
.........................................................................................................................................................kkkkkkkkkk..................
.........................................................................................................................................................kkkkkkkkkk..................
.........................................................................................................................................................kkkkkkkkkk..................
.........................................................................................................................................................kkkkkkkkkk..................
.........................................................................................................................................................kkkkkkkkkk..................
.........................................................................................................................................................kkkkkkkkkk..................
.........................................................................................................................................................kkkkkkkkkk..................
................................................................................................................................................jjjjjjjjjj...........................
................................................................................................................................................jjjjjjjjjj...........................
................................................................................................................................................jjjjjjjjjj...........................
................................................................................................................................................jjjjjjjjjj...........................
................................................................................................................................................jjjjjjjjjj...........................
................................................................................................................................................jjjjjjjjjj...........................
................................................................................................................................................jjjjjjjjjj...........................
................................................................................................................................................jjjjjjjjjj...........................
................................................................................................................................................jjjjjjjjjj...........................
................................................................................................................................................jjjjjjjjjj...........................
.......................................................................................................................................hhhhhhhhhh....................................
.......................................................................................................................................hhhhhhhhhh....................................
.......................................................................................................................................hhhhhhhhhh....................................
.......................................................................................................................................hhhhhhhhhh....................................
.......................................................................................................................................hhhhhhhhhh....................................
.......................................................................................................................................hhhhhhhhhh....................................
.......................................................................................................................................hhhhhhhhhh....................................
.......................................................................................................................................hhhhhhhhhh....................................
.......................................................................................................................................hhhhhhhhhh....................................
.......................................................................................................................................hhhhhhhhhh....................................
..............................................................................................................................gggggggggg.............................................
..............................................................................................................................gggggggggg.............................................
..............................................................................................................................gggggggggg.............................................
..............................................................................................................................gggggggggg.............................................
..............................................................................................................................gggggggggg.............................................
..............................................................................................................................gggggggggg.............................................
..............................................................................................................................gggggggggg.............................................
..............................................................................................................................gggggggggg.............................................
..............................................................................................................................gggggggggg.............................................
..............................................................................................................................gggggggggg.............................................
.....................................................................................................................ffffffffff......................................................
.....................................................................................................................ffffffffff......................................................
.....................................................................................................................ffffffffff......................................................
.....................................................................................................................ffffffffff......................................................
.....................................................................................................................ffffffffff......................................................
.....................................................................................................................ffffffffff......................................................
.....................................................................................................................ffffffffff......................................................
.....................................................................................................................ffffffffff......................................................
.....................................................................................................................ffffffffff......................................................
.....................................................................................................................ffffffffff......................................................
............................................................................................................dddddddddd...............................................................
............................................................................................................dddddddddd...............................................................
............................................................................................................dddddddddd...............................................................
............................................................................................................dddddddddd...............................................................
............................................................................................................dddddddddd...............................................................
............................................................................................................dddddddddd...............................................................
............................................................................................................dddddddddd...............................................................
............................................................................................................dddddddddd...............................................................
............................................................................................................dddddddddd...............................................................
............................................................................................................dddddddddd...............................................................
...................................................................................................ssssssssss........................................................................
...................................................................................................ssssssssss........................................................................
...................................................................................................ssssssssss........................................................................
...................................................................................................ssssssssss........................................................................
...................................................................................................ssssssssss........................................................................
...................................................................................................ssssssssss........................................................................
...................................................................................................ssssssssss........................................................................
...................................................................................................ssssssssss........................................................................
...................................................................................................ssssssssss........................................................................
...................................................................................................ssssssssss........................................................................
..........................................................................................aaaaaaaaaa.................................................................................
..........................................................................................aaaaaaaaaa.................................................................................
..........................................................................................aaaaaaaaaa.................................................................................
..........................................................................................aaaaaaaaaa.................................................................................
..........................................................................................aaaaaaaaaa.................................................................................
..........................................................................................aaaaaaaaaa.................................................................................
..........................................................................................aaaaaaaaaa.................................................................................
..........................................................................................aaaaaaaaaa.................................................................................
..........................................................................................aaaaaaaaaa.................................................................................
..........................................................................................aaaaaaaaaa.................................................................................
.................................................................................pppppppppp..........................................................................................
.................................................................................pppppppppp..........................................................................................
.................................................................................pppppppppp..........................................................................................
.................................................................................pppppppppp..........................................................................................
.................................................................................pppppppppp..........................................................................................
.................................................................................pppppppppp..........................................................................................
.................................................................................pppppppppp..........................................................................................
.................................................................................pppppppppp..........................................................................................
.................................................................................pppppppppp..........................................................................................
.................................................................................pppppppppp..........................................................................................
........................................................................oooooooooo...................................................................................................
........................................................................oooooooooo...................................................................................................
........................................................................oooooooooo...................................................................................................
........................................................................oooooooooo...................................................................................................
........................................................................oooooooooo...................................................................................................
........................................................................oooooooooo...................................................................................................
........................................................................oooooooooo...................................................................................................
........................................................................oooooooooo...................................................................................................
........................................................................oooooooooo...................................................................................................
........................................................................oooooooooo...................................................................................................
...............................................................iiiiiiiiii............................................................................................................
...............................................................iiiiiiiiii............................................................................................................
...............................................................iiiiiiiiii............................................................................................................
...............................................................iiiiiiiiii............................................................................................................
...............................................................iiiiiiiiii............................................................................................................
...............................................................iiiiiiiiii............................................................................................................
...............................................................iiiiiiiiii............................................................................................................
...............................................................iiiiiiiiii............................................................................................................
...............................................................iiiiiiiiii............................................................................................................
...............................................................iiiiiiiiii............................................................................................................
......................................................uuuuuuuuuu.....................................................................................................................
......................................................uuuuuuuuuu.....................................................................................................................
......................................................uuuuuuuuuu.....................................................................................................................
......................................................uuuuuuuuuu.....................................................................................................................
......................................................uuuuuuuuuu.....................................................................................................................
......................................................uuuuuuuuuu.....................................................................................................................
......................................................uuuuuuuuuu.....................................................................................................................
......................................................uuuuuuuuuu.....................................................................................................................
......................................................uuuuuuuuuu.....................................................................................................................
......................................................uuuuuuuuuu.....................................................................................................................
.............................................yyyyyyyyyy..............................................................................................................................
.............................................yyyyyyyyyy..............................................................................................................................
.............................................yyyyyyyyyy..............................................................................................................................
.............................................yyyyyyyyyy..............................................................................................................................
.............................................yyyyyyyyyy..............................................................................................................................
.............................................yyyyyyyyyy..............................................................................................................................
.............................................yyyyyyyyyy..............................................................................................................................
.............................................yyyyyyyyyy..............................................................................................................................
.............................................yyyyyyyyyy..............................................................................................................................
.............................................yyyyyyyyyy..............................................................................................................................
....................................tttttttttt.......................................................................................................................................
....................................tttttttttt.......................................................................................................................................
....................................tttttttttt.......................................................................................................................................
....................................tttttttttt.......................................................................................................................................
....................................tttttttttt.......................................................................................................................................
....................................tttttttttt.......................................................................................................................................
....................................tttttttttt.......................................................................................................................................
....................................tttttttttt.......................................................................................................................................
....................................tttttttttt.......................................................................................................................................
....................................tttttttttt.......................................................................................................................................
...........................rrrrrrrrrr................................................................................................................................................
...........................rrrrrrrrrr................................................................................................................................................
...........................rrrrrrrrrr................................................................................................................................................
...........................rrrrrrrrrr................................................................................................................................................
...........................rrrrrrrrrr................................................................................................................................................
...........................rrrrrrrrrr................................................................................................................................................
...........................rrrrrrrrrr................................................................................................................................................
...........................rrrrrrrrrr................................................................................................................................................
...........................rrrrrrrrrr................................................................................................................................................
...........................rrrrrrrrrr................................................................................................................................................
..................eeeeeeeeee.........................................................................................................................................................
..................eeeeeeeeee.........................................................................................................................................................
..................eeeeeeeeee.........................................................................................................................................................
..................eeeeeeeeee.........................................................................................................................................................
..................eeeeeeeeee.........................................................................................................................................................
..................eeeeeeeeee.........................................................................................................................................................
..................eeeeeeeeee.........................................................................................................................................................
..................eeeeeeeeee.........................................................................................................................................................
..................eeeeeeeeee.........................................................................................................................................................
..................eeeeeeeeee.........................................................................................................................................................
.........wwwwwwwwww..................................................................................................................................................................
.........wwwwwwwwww..................................................................................................................................................................
.........wwwwwwwwww..................................................................................................................................................................
.........wwwwwwwwww..................................................................................................................................................................
.........wwwwwwwwww..................................................................................................................................................................
.........wwwwwwwwww..................................................................................................................................................................
.........wwwwwwwwww..................................................................................................................................................................
.........wwwwwwwwww..................................................................................................................................................................
.........wwwwwwwwww..................................................................................................................................................................
.........wwwwwwwwww..................................................................................................................................................................
qqqqqqqqqq...........................................................................................................................................................................
qqqqqqqqqq...........................................................................................................................................................................
qqqqqqqqqq...........................................................................................................................................................................
qqqqqqqqqq...........................................................................................................................................................................
qqqqqqqqqq...........................................................................................................................................................................
qqqqqqqqqq...........................................................................................................................................................................
qqqqqqqqqq...........................................................................................................................................................................
qqqqqqqqqq...........................................................................................................................................................................
qqqqqqqqqq...........................................................................................................................................................................
qqqqqqqqqq...........................................................................................................................................................................
