10 10
3 3
3 3
1 10
3 3
-----
3 3
3 3
1 10
3 3
3 3
-----
3 3
1 10
3 3
3 3
2 8
1 1
9 10
-----
################
1 10
3 3
3 3
2 8
1 1
9 10
3 3
-----
3 3
3 3
2 8
1 1
9 10
3 3
3 10
1 2
-----
3 3
2 8
1 1
9 10
3 3
3 10
1 2
3 3
-----
2 8
1 1
9 10
3 3
3 10
1 2
3 3
3 3
-----
1 1
9 10
3 3
3 10
1 2
3 3
3 3
3 8
2 2
-----
9 10
3 3
3 10
1 2
3 3
3 3
3 8
2 2
9 10
-----
################
3 3
3 10
1 2
3 3
3 3
3 8
2 2
9 10
3 3
-----
3 10
1 2
3 3
3 3
3 8
2 2
9 10
3 3
3 3
4 10
-----
1 2
3 3
3 3
3 8
2 2
9 10
3 3
3 3
4 10
1 2
-----
3 3
3 3
3 8
2 2
9 10
3 3
3 3
4 10
1 2
3 3
-----
3 3
3 8
2 2
9 10
3 3
3 3
4 10
1 2
3 3
3 3
-----
3 8
2 2
9 10
3 3
3 3
4 10
1 2
3 3
3 3
3 3
4 8
-----
2 2
9 10
3 3
3 3
4 10
1 2
3 3
3 3
3 3
4 8
2 2
-----
################
